Microchip MPLAB XC8 Compiler V1.37 ()

Linker command line:

-W-2 --edf=C:\Program Files\Microchip\xc8\v1.37\dat\en_msgs.txt -cs \
  -h+dist/default/debug\Crypto.X.debug.sym \
  --cmf=dist/default/debug\Crypto.X.debug.cmf -z -Q18F46K22 \
  -oC:\Users\MPLAB\AppData\Local\Temp\s2i8.2 \
  -Mdist/default/debug/Crypto.X.debug.map -E1 -ver=XC8 -ASTACK=0290h-0f37h \
  -pstack=STACK -ACODE=00h-0FFFFh -ACONST=00h-0FFFFh \
  -ASMALLCONST=01000h-010FFhx240 -AMEDIUMCONST=01000h-0FFFFh \
  -ACOMRAM=01h-05Fh -AABS1=00h-0F37h -ABIGRAM=01h-0F37h \
  -ARAM=060h-0FFh,0100h-01FFhx14,0F00h-0F37h -ABANK0=060h-0FFh \
  -ABANK1=0100h-01FFh -ABANK2=0200h-02FFh -ABANK3=0300h-03FFh \
  -ABANK4=0400h-04FFh -ABANK5=0500h-05FFh -ABANK6=0600h-06FFh \
  -ABANK7=0700h-07FFh -ABANK8=0800h-08FFh -ABANK9=0900h-09FFh \
  -ABANK10=0A00h-0AFFh -ABANK11=0B00h-0BFFh -ABANK12=0C00h-0CFFh \
  -ABANK13=0D00h-0DFFh -ABANK14=0E00h-0EFFh -ABANK15=0F00h-0F37h \
  -ASFR=0F38h-0F5Fh,0F60h-0FFFh \
  -preset_vec=00h,intcode,intcodelo,powerup,init,end_init -pramtop=01000h \
  -psmallconst=SMALLCONST -pmediumconst=MEDIUMCONST -pconst=CONST \
  -AFARRAM=00h-00h -ACONFIG=0300000h-030000Dh -pconfig=CONFIG \
  -AIDLOC=0200000h-0200007h -pidloc=IDLOC -AEEDATA=0F00000h-0F003FFh \
  -peeprom_data=EEDATA \
  -prdata=COMRAM,nvrram=COMRAM,nvbit=COMRAM,rbss=COMRAM,rbit=COMRAM \
  -pfarbss=FARRAM,fardata=FARRAM,nvFARRAM=FARRAM \
  -pintsave_regs=BIGRAM,bigbss=BIGRAM,bigdata=BIGRAM -pbss=RAM \
  -pidata=CODE,irdata=CODE,ibigdata=CODE,ifardata=CODE -prparam=COMRAM \
  C:\Users\MPLAB\AppData\Local\Temp\s2i8.obj \
  dist/default/debug\Crypto.X.debug.obj 

Object code version is 3.11

Machine type is 18F46K22

Call graph: (short form)




                Name                               Link     Load   Length Selector   Space Scale
C:\Users\MPLAB\AppData\Local\Temp\s2i8.obj
                end_init                              0        0        4        0       0
                idloc                            200000   200000        8   200000       0
                config                           300000   300000        E   300000       0
dist/default/debug\Crypto.X.debug.obj
                mediumconst                        FEFE     FEFE      102     7F7F       0
                text6                              ED38     ED38       2A     769C       0
                text5                              F236     F236      CC8     791B       0
                text4                              EF7E     EF7E      2B8     77BF       0
                text3                              EEA8     EEA8       D6     7754       0
                text2                              EDE8     EDE8       C0     76F4       0
                text1                              ED10     ED10       28     7688       0
                text0                              ED8C     ED8C       5C     76C6       0
                cstackCOMRAM                          1        1       46        1       1
                cstackBANK0                          60       60       8E       60       1
                cstackBANK1                         100      100      100      100       1
                cstackBANK2                         200      200       8C      200       1
                dataBANK2                           28C      28C        4      200       1
                cinit                              ED62     ED62       2A     76B1       0
                idataBANK2                         ED0C     ED0C        4     ED0C       0

TOTAL           Name                               Link     Load   Length     Space
        CLASS   STACK          

        CLASS   CODE           
                end_init                              0        0        4         0
                text6                              ED38     ED38       2A         0
                text5                              F236     F236      CC8         0
                text4                              EF7E     EF7E      2B8         0
                text3                              EEA8     EEA8       D6         0
                text2                              EDE8     EDE8       C0         0
                text1                              ED10     ED10       28         0
                text0                              ED8C     ED8C       5C         0
                cinit                              ED62     ED62       2A         0
                idataBANK2                         ED0C     ED0C        4         0

        CLASS   CONST          

        CLASS   SMALLCONST     

        CLASS   MEDIUMCONST    
                mediumconst                        FEFE     FEFE      102         0

        CLASS   COMRAM         
                cstackCOMRAM                          1        1       46         1

        CLASS   ABS1           

        CLASS   BIGRAM         

        CLASS   RAM            

        CLASS   BANK0          
                cstackBANK0                          60       60       8E         1

        CLASS   BANK1          
                cstackBANK1                         100      100      100         1

        CLASS   BANK2          
                cstackBANK2                         200      200       8C         1
                dataBANK2                           28C      28C        4         1

        CLASS   BANK3          

        CLASS   BANK4          

        CLASS   BANK5          

        CLASS   BANK6          

        CLASS   BANK7          

        CLASS   BANK8          

        CLASS   BANK9          

        CLASS   BANK10         

        CLASS   BANK11         

        CLASS   BANK12         

        CLASS   BANK13         

        CLASS   BANK14         

        CLASS   BANK15         

        CLASS   SFR            

        CLASS   FARRAM         

        CLASS   CONFIG         
                config                           300000   300000        E         0

        CLASS   IDLOC          
                idloc                            200000   200000        8         0

        CLASS   EEDATA         



SEGMENTS        Name                           Load    Length   Top    Selector   Space  Class

                reset_vec                      000000  000004  000004         0       0  CODE    
                cstackCOMRAM                   000001  000046  000047         1       1  COMRAM  
                cstackBANK0                    000060  00008E  0000EE        60       1  BANK0   
                cstackBANK1                    000100  000100  000200       100       1  BANK1   
                cstackBANK2                    000200  000090  000290       200       1  BANK2   
                idataBANK2                     00ED0C  000004  00ED10      ED0C       0  CODE    
                text1                          00ED10  000028  00ED38      7688       0  CODE    
                text6                          00ED38  00002A  00ED62      769C       0  CODE    
                cinit                          00ED62  00002A  00ED8C      76B1       0  CODE    
                text0                          00ED8C  00005C  00EDE8      76C6       0  CODE    
                text2                          00EDE8  0000C0  00EEA8      76F4       0  CODE    
                text3                          00EEA8  0000D6  00EF7E      7754       0  CODE    
                text4                          00EF7E  0002B8  00F236      77BF       0  CODE    
                text5                          00F236  000CC8  00FEFE      791B       0  CODE    
                mediumconst                    00FEFE  000102  010000      7F7F       0  MEDIUMCO
                idloc                          200000  000008  200008    200000       0  IDLOC   
                config                         300000  00000E  30000E    300000       0  CONFIG  


UNUSED ADDRESS RANGES

        Name                Unused          Largest block    Delta
        BANK0            0000EE-0000FF               12
        BANK10           000A00-000AFF              100
        BANK11           000B00-000BFF              100
        BANK12           000C00-000CFF              100
        BANK13           000D00-000DFF              100
        BANK14           000E00-000EFF              100
        BANK15           000F00-000F37               38
        BANK2            000290-0002FF               70
        BANK3            000300-0003FF              100
        BANK4            000400-0004FF              100
        BANK5            000500-0005FF              100
        BANK6            000600-0006FF              100
        BANK7            000700-0007FF              100
        BANK8            000800-0008FF              100
        BANK9            000900-0009FF              100
        BIGRAM           000047-00005F               19
                         0000EE-0000FF               12
                         000290-000F37              CA8
        CODE             000004-00ED0B             ED08
        COMRAM           000047-00005F               19
        CONST            000004-00ED0B             ED08
        EEDATA           F00000-F003FF              400
        MEDIUMCONST      001000-00ED0B             DD0C
        RAM              0000EE-0000FF               12
                         000290-000F37              100
        SFR              000F38-000FFF               28
        SMALLCONST       001000-00ED0B              100
        STACK            000290-000F37              CA8

                                  Symbol Table

?_strlen                   cstackCOMRAM 000001
PL10                       text5        00FE4A
PL12                       text5        00FE5E
PL14                       text5        00FE70
PL16                       text4        00F1CC
PL18                       text5        00FE94
PL2                        text4        00F172
PL20                       text5        00FE9E
PL22                       text4        00F1E8
PL24                       text3        00EF6A
PL26                       text4        00F1F4
PL28                       text4        00F1FE
PL30                       text2        00EE9A
PL32                       text4        00F20C
PL34                       text4        00F21E
PL36                       text5        00FEC4
PL38                       text4        00F22A
PL4                        text4        00F1B6
PL40                       text3        00EF74
PL42                       text5        00FED0
PL44                       text5        00FEDC
PL46                       text5        00FEE8
PL48                       text5        00FEF4
PL6                        text4        00F1C0
PL8                        text5        00FE18
__HRAM                     (abs)        000000
__Habs1                    abs1         000000
__Hbank0                   bank0        000000
__Hbank1                   bank1        000000
__Hbank10                  bank10       000000
__Hbank11                  bank11       000000
__Hbank12                  bank12       000000
__Hbank13                  bank13       000000
__Hbank14                  bank14       000000
__Hbank15                  bank15       000000
__Hbank2                   bank2        000000
__Hbank3                   bank3        000000
__Hbank4                   bank4        000000
__Hbank5                   bank5        000000
__Hbank6                   bank6        000000
__Hbank7                   bank7        000000
__Hbank8                   bank8        000000
__Hbank9                   bank9        000000
__Hbigbss                  bigbss       000000
__Hbigdata                 bigdata      000000
__Hbigram                  bigram       000000
__Hbss                     bss          000000
__Hcinit                   cinit        000000
__Hclrtext                 clrtext      000000
__Hcomram                  comram       000000
__Hconfig                  config       30000E
__Hconst                   const        000000
__HcstackBANK0             cstackBANK0  000000
__HcstackBANK1             cstackBANK1  000000
__HcstackBANK2             cstackBANK2  000000
__HcstackCOMRAM            cstackCOMRAM 000000
__Hdata                    data         000000
__HdataBANK2               dataBANK2    000000
__Heeprom_data             eeprom_data  000000
__Hend_init                end_init     000004
__Hfarbss                  farbss       000000
__Hfardata                 fardata      000000
__Hibigdata                ibigdata     000000
__Hidata                   idata        000000
__HidataBANK2              idataBANK2   000000
__Hidloc                   idloc        200008
__Hifardata                ifardata     000000
__Hinit                    init         000000
__Hintcode                 intcode      000000
__Hintcode_body            intcode_body 000000
__Hintcodelo               intcodelo    000000
__Hintentry                intentry     000000
__Hintret                  intret       000000
__Hintsave_regs            intsave_regs 000000
__Hirdata                  irdata       000000
__Hmediumconst             mediumconst  010000
__HnvFARRAM                nvFARRAM     000000
__Hnvbit                   nvbit        000000
__Hnvrram                  nvrram       000000
__Hpa_nodes                pa_nodes     000000
__Hparam                   rparam       000000
__Hpowerup                 powerup      000000
__Hram                     ram          000000
__Hramtop                  ramtop       001000
__Hrbit                    rbit         000000
__Hrbss                    rbss         000000
__Hrdata                   rdata        000000
__Hreset_vec               reset_vec    000000
__Hrparam                  rparam       000000
__Hsfr                     sfr          000000
__Hsmallconst              smallconst   000000
__Hspace_0                 (abs)        30000E
__Hspace_1                 (abs)        000290
__Hspace_2                 (abs)        000000
__Hstack                   stack        000000
__Hstruct                  struct       000000
__Htemp                    temp         000000
__Htext                    text         000000
__Htext0                   text0        000000
__Htext1                   text1        000000
__Htext2                   text2        000000
__Htext3                   text3        000000
__Htext4                   text4        000000
__Htext5                   text5        000000
__Htext6                   text6        000000
__LRAM                     (abs)        000001
__Labs1                    abs1         000000
__Lbank0                   bank0        000000
__Lbank1                   bank1        000000
__Lbank10                  bank10       000000
__Lbank11                  bank11       000000
__Lbank12                  bank12       000000
__Lbank13                  bank13       000000
__Lbank14                  bank14       000000
__Lbank15                  bank15       000000
__Lbank2                   bank2        000000
__Lbank3                   bank3        000000
__Lbank4                   bank4        000000
__Lbank5                   bank5        000000
__Lbank6                   bank6        000000
__Lbank7                   bank7        000000
__Lbank8                   bank8        000000
__Lbank9                   bank9        000000
__Lbigbss                  bigbss       000000
__Lbigdata                 bigdata      000000
__Lbigram                  bigram       000000
__Lbss                     bss          000000
__Lcinit                   cinit        000000
__Lclrtext                 clrtext      000000
__Lcomram                  comram       000000
__Lconfig                  config       300000
__Lconst                   const        000000
__LcstackBANK0             cstackBANK0  000000
__LcstackBANK1             cstackBANK1  000000
__LcstackBANK2             cstackBANK2  000000
__LcstackCOMRAM            cstackCOMRAM 000000
__Ldata                    data         000000
__LdataBANK2               dataBANK2    000000
__Leeprom_data             eeprom_data  000000
__Lend_init                end_init     000000
__Lfarbss                  farbss       000000
__Lfardata                 fardata      000000
__Libigdata                ibigdata     000000
__Lidata                   idata        000000
__LidataBANK2              idataBANK2   000000
__Lidloc                   idloc        200000
__Lifardata                ifardata     000000
__Linit                    init         000000
__Lintcode                 intcode      000000
__Lintcode_body            intcode_body 000000
__Lintcodelo               intcodelo    000000
__Lintentry                intentry     000000
__Lintret                  intret       000000
__Lintsave_regs            intsave_regs 000000
__Lirdata                  irdata       000000
__Lmediumconst             mediumconst  00FEFE
__LnvFARRAM                nvFARRAM     000000
__Lnvbit                   nvbit        000000
__Lnvrram                  nvrram       000000
__Lpa_nodes                pa_nodes     000000
__Lparam                   rparam       000000
__Lpowerup                 powerup      000000
__Lram                     ram          000000
__Lramtop                  ramtop       001000
__Lrbit                    rbit         000000
__Lrbss                    rbss         000000
__Lrdata                   rdata        000000
__Lreset_vec               reset_vec    000000
__Lrparam                  rparam       000000
__Lsfr                     sfr          000000
__Lsmallconst              smallconst   000000
__Lspace_0                 (abs)        000000
__Lspace_1                 (abs)        000000
__Lspace_2                 (abs)        000000
__Lstack                   stack        000000
__Lstruct                  struct       000000
__Ltemp                    temp         000000
__Ltext                    text         000000
__Ltext0                   text0        000000
__Ltext1                   text1        000000
__Ltext2                   text2        000000
__Ltext3                   text3        000000
__Ltext4                   text4        000000
__Ltext5                   text5        000000
__Ltext6                   text6        000000
__S0                       (abs)        30000E
__S1                       (abs)        000290
__S2                       (abs)        000000
___inthi_sp                stack        000000
___intlo_sp                stack        000000
___param_bank              (abs)        000010
___rparam_used             (abs)        000001
___sp                      stack        000000
__accesstop                (abs)        000060
__activetblptr             (abs)        000002
__end_ofPL10               text5        00FE5E
__end_ofPL12               text5        00FE70
__end_ofPL14               text5        00FE94
__end_ofPL16               text4        00F1E8
__end_ofPL18               text5        00FE9E
__end_ofPL2                text4        00F1B6
__end_ofPL20               text5        00FEC4
__end_ofPL22               text4        00F1F4
__end_ofPL24               text3        00EF74
__end_ofPL26               text4        00F1FE
__end_ofPL28               text4        00F20C
__end_ofPL30               text2        00EEA8
__end_ofPL32               text4        00F21E
__end_ofPL34               text4        00F22A
__end_ofPL36               text5        00FED0
__end_ofPL38               text4        00F236
__end_ofPL4                text4        00F1C0
__end_ofPL40               text3        00EF7E
__end_ofPL42               text5        00FEDC
__end_ofPL44               text5        00FEE8
__end_ofPL46               text5        00FEF4
__end_ofPL48               text5        00FEFE
__end_ofPL6                text4        00F1CC
__end_ofPL8                text5        00FE4A
__end_of__initialization   cinit        00ED82
__end_of_k                 mediumconst  00FFFF
__end_of_main              text0        00EDE8
__end_of_memset            text6        00ED62
__end_of_sha256_final      text4        00F172
__end_of_sha256_init       text3        00EF6A
__end_of_sha256_transform  text5        00FE18
__end_of_sha256_update     text2        00EE9A
__end_of_strlen            text1        00ED38
__initialization           cinit        00ED62
__mediumconst              mediumconst  00FEFE
__pcinit                   cinit        00ED62
__pcstackBANK0             cstackBANK0  000060
__pcstackBANK1             cstackBANK1  000100
__pcstackBANK2             cstackBANK2  000200
__pcstackCOMRAM            cstackCOMRAM 000001
__pdataBANK2               dataBANK2    00028C
__pidataBANK2              idataBANK2   00ED0C
__pmediumconst             mediumconst  00FEFE
__ptext0                   text0        00ED8C
__ptext1                   text1        00ED10
__ptext2                   text2        00EDE8
__ptext3                   text3        00EEA8
__ptext4                   text4        00EF7E
__ptext5                   text5        00F236
__ptext6                   text6        00ED38
__ramtop                   ramtop       001000
__size_of_main             (abs)        000000
__size_of_memset           (abs)        000000
__size_of_sha256_final     (abs)        000000
__size_of_sha256_init      (abs)        000000
__size_of_sha256_transform (abs)        000000
__size_of_sha256_update    (abs)        000000
__size_of_strlen           (abs)        000000
__smallconst               smallconst   000000
_k                         mediumconst  00FEFF
_main                      text0        00ED8C
_memset                    text6        00ED38
_sha256_final              text4        00EF7E
_sha256_init               text3        00EEA8
_sha256_transform          text5        00F236
_sha256_update             text2        00EDE8
_strlen                    text1        00ED10
end_of_initialization      cinit        00ED82
intlevel0                  text         000000
intlevel1                  text         000000
intlevel2                  text         000000
intlevel3                  text         000000
main@F7829                 dataBANK2    00028C
main@buf                   cstackBANK2  000200
main@ctx                   cstackBANK2  000224
main@text1                 cstackBANK2  000220
memset@c                   cstackCOMRAM 000003
memset@n                   cstackCOMRAM 000005
memset@p                   cstackCOMRAM 000007
memset@p1                  cstackCOMRAM 000001
sha256_final@ctx           cstackCOMRAM 000039
sha256_final@hash          cstackCOMRAM 00003B
sha256_final@i             cstackCOMRAM 000043
sha256_init@ctx            cstackCOMRAM 000001
sha256_transform@a         cstackCOMRAM 00002D
sha256_transform@b         cstackCOMRAM 00001D
sha256_transform@c         cstackCOMRAM 000021
sha256_transform@ctx       cstackCOMRAM 000001
sha256_transform@d         cstackCOMRAM 00000D
sha256_transform@data      cstackCOMRAM 000003
sha256_transform@e         cstackCOMRAM 000031
sha256_transform@f         cstackCOMRAM 000015
sha256_transform@g         cstackCOMRAM 000019
sha256_transform@h         cstackCOMRAM 000011
sha256_transform@i         cstackCOMRAM 000035
sha256_transform@j         cstackCOMRAM 000025
sha256_transform@l         cstackCOMRAM 000029
sha256_transform@m         cstackBANK1  000100
sha256_transform@t1        cstackCOMRAM 000009
sha256_transform@t2        cstackCOMRAM 000005
sha256_update@ctx          cstackCOMRAM 000039
sha256_update@data         cstackCOMRAM 00003B
sha256_update@i            cstackCOMRAM 000043
sha256_update@len          cstackCOMRAM 00003D
stackhi                    (abs)        000F37
stacklo                    (abs)        000290
start                      init         000000
start_initialization       cinit        00ED62
strlen@cp                  cstackCOMRAM 000003
strlen@s                   cstackCOMRAM 000001


FUNCTION INFORMATION:

 *************** function _main *****************
 Defined at:
		line 13 in file "main.c"
 Parameters:    Size  Location     Type
		None
 Auto vars:     Size  Location     Type
  ctx           104   36[BANK2 ] struct .
  buf            32    0[BANK2 ] unsigned char [32]
  text1           4   32[BANK2 ] unsigned char [4]
 Return value:  Size  Location     Type
                  1    wreg      void 
 Registers used:
		wreg, fsr1l, fsr1h, fsr2l, fsr2h, status,2, status,0, tblptrl, tblptrh, tblptru, prodl, prodh, cstack
 Tracked objects:
		On entry : 
		On exit  : 
		Unchanged: 
 Data sizes:     COMRAM   BANK0   BANK1   BANK2   BANK3   BANK4   BANK5   BANK6   BANK7   BANK8   BANK9  BANK10  BANK11  BANK12  BANK13  BANK14  BANK15
      Params:         0       0       0       0       0       0       0       0       0       0       0       0       0       0       0       0       0
      Locals:         0       0       0     140       0       0       0       0       0       0       0       0       0       0       0       0       0
      Temps:          0       0       0       0       0       0       0       0       0       0       0       0       0       0       0       0       0
      Totals:         0       0       0     140       0       0       0       0       0       0       0       0       0       0       0       0       0
Total ram usage:      140 bytes
 Hardware stack levels required when called:    2
 This function calls:
		_sha256_final
		_sha256_init
		_sha256_update
		_strlen
 This function is called by:
		Startup code after reset
 This function uses a non-reentrant model


 *************** function _strlen *****************
 Defined at:
		line 4 in file "C:\Program Files\Microchip\xc8\v1.37\sources\common\strlen.c"
 Parameters:    Size  Location     Type
  s               2    0[COMRAM] PTR const unsigned char 
		 -> main@text1(4), 
 Auto vars:     Size  Location     Type
  cp              2    2[COMRAM] PTR const unsigned char 
		 -> main@text1(4), 
 Return value:  Size  Location     Type
                  2    0[COMRAM] unsigned int 
 Registers used:
		wreg, fsr2l, fsr2h, status,2, status,0
 Tracked objects:
		On entry : 
		On exit  : 
		Unchanged: 
 Data sizes:     COMRAM   BANK0   BANK1   BANK2   BANK3   BANK4   BANK5   BANK6   BANK7   BANK8   BANK9  BANK10  BANK11  BANK12  BANK13  BANK14  BANK15
      Params:         2       0       0       0       0       0       0       0       0       0       0       0       0       0       0       0       0
      Locals:         2       0       0       0       0       0       0       0       0       0       0       0       0       0       0       0       0
      Temps:          0       0       0       0       0       0       0       0       0       0       0       0       0       0       0       0       0
      Totals:         4       0       0       0       0       0       0       0       0       0       0       0       0       0       0       0       0
Total ram usage:        4 bytes
 Hardware stack levels used:    1
 This function calls:
		Nothing
 This function is called by:
		_main
 This function uses a non-reentrant model


 *************** function _sha256_update *****************
 Defined at:
		line 108 in file "sha256.c"
 Parameters:    Size  Location     Type
  ctx             2   56[COMRAM] PTR struct .
		 -> main@ctx(104), 
  data            2   58[COMRAM] PTR const unsigned char 
		 -> main@text1(4), 
  len             2   60[COMRAM] unsigned int 
 Auto vars:     Size  Location     Type
  i               4   66[COMRAM] unsigned long 
 Return value:  Size  Location     Type
                  1    wreg      void 
 Registers used:
		wreg, fsr1l, fsr1h, fsr2l, fsr2h, status,2, status,0, tblptrl, tblptrh, tblptru, cstack
 Tracked objects:
		On entry : 
		On exit  : 
		Unchanged: 
 Data sizes:     COMRAM   BANK0   BANK1   BANK2   BANK3   BANK4   BANK5   BANK6   BANK7   BANK8   BANK9  BANK10  BANK11  BANK12  BANK13  BANK14  BANK15
      Params:         6       0       0       0       0       0       0       0       0       0       0       0       0       0       0       0       0
      Locals:         4       0       0       0       0       0       0       0       0       0       0       0       0       0       0       0       0
      Temps:          4       0       0       0       0       0       0       0       0       0       0       0       0       0       0       0       0
      Totals:        14       0       0       0       0       0       0       0       0       0       0       0       0       0       0       0       0
Total ram usage:       14 bytes
 Hardware stack levels used:    1
 Hardware stack levels required when called:    1
 This function calls:
		_sha256_transform
 This function is called by:
		_main
 This function uses a non-reentrant model


 *************** function _sha256_init *****************
 Defined at:
		line 94 in file "sha256.c"
 Parameters:    Size  Location     Type
  ctx             2    0[COMRAM] PTR struct .
		 -> main@ctx(104), 
 Auto vars:     Size  Location     Type
		None
 Return value:  Size  Location     Type
                  1    wreg      void 
 Registers used:
		wreg, fsr2l, fsr2h, status,2, status,0
 Tracked objects:
		On entry : 
		On exit  : 
		Unchanged: 
 Data sizes:     COMRAM   BANK0   BANK1   BANK2   BANK3   BANK4   BANK5   BANK6   BANK7   BANK8   BANK9  BANK10  BANK11  BANK12  BANK13  BANK14  BANK15
      Params:         2       0       0       0       0       0       0       0       0       0       0       0       0       0       0       0       0
      Locals:         0       0       0       0       0       0       0       0       0       0       0       0       0       0       0       0       0
      Temps:          0       0       0       0       0       0       0       0       0       0       0       0       0       0       0       0       0
      Totals:         2       0       0       0       0       0       0       0       0       0       0       0       0       0       0       0       0
Total ram usage:        2 bytes
 Hardware stack levels used:    1
 This function calls:
		Nothing
 This function is called by:
		_main
 This function uses a non-reentrant model


 *************** function _sha256_final *****************
 Defined at:
		line 123 in file "sha256.c"
 Parameters:    Size  Location     Type
  ctx             2   56[COMRAM] PTR struct .
		 -> main@ctx(104), 
  hash            2   58[COMRAM] PTR unsigned char 
		 -> main@buf(32), 
 Auto vars:     Size  Location     Type
  i               4   66[COMRAM] unsigned long 
 Return value:  Size  Location     Type
                  1    wreg      void 
 Registers used:
		wreg, fsr1l, fsr1h, fsr2l, fsr2h, status,2, status,0, tblptrl, tblptrh, tblptru, prodl, prodh, cstack
 Tracked objects:
		On entry : 
		On exit  : 
		Unchanged: 
 Data sizes:     COMRAM   BANK0   BANK1   BANK2   BANK3   BANK4   BANK5   BANK6   BANK7   BANK8   BANK9  BANK10  BANK11  BANK12  BANK13  BANK14  BANK15
      Params:         4       0       0       0       0       0       0       0       0       0       0       0       0       0       0       0       0
      Locals:         4       0       0       0       0       0       0       0       0       0       0       0       0       0       0       0       0
      Temps:          6       0       0       0       0       0       0       0       0       0       0       0       0       0       0       0       0
      Totals:        14       0       0       0       0       0       0       0       0       0       0       0       0       0       0       0       0
Total ram usage:       14 bytes
 Hardware stack levels used:    1
 Hardware stack levels required when called:    1
 This function calls:
		_memset
		_sha256_transform
 This function is called by:
		_main
 This function uses a non-reentrant model


 *************** function _sha256_transform *****************
 Defined at:
		line 44 in file "sha256.c"
 Parameters:    Size  Location     Type
  ctx             2    0[COMRAM] PTR struct .
		 -> main@ctx(104), 
  data            2    2[COMRAM] PTR const unsigned char 
		 -> ctx.data(64), main@ctx(104), 
 Auto vars:     Size  Location     Type
  m             256    0[BANK1 ] unsigned long [64]
  i               4   52[COMRAM] unsigned long 
  e               4   48[COMRAM] unsigned long 
  a               4   44[COMRAM] unsigned long 
  l               4   40[COMRAM] unsigned long 
  j               4   36[COMRAM] unsigned long 
  c               4   32[COMRAM] unsigned long 
  b               4   28[COMRAM] unsigned long 
  g               4   24[COMRAM] unsigned long 
  f               4   20[COMRAM] unsigned long 
  h               4   16[COMRAM] unsigned long 
  d               4   12[COMRAM] unsigned long 
  t1              4    8[COMRAM] unsigned long 
  t2              4    4[COMRAM] unsigned long 
 Return value:  Size  Location     Type
                  1    wreg      void 
 Registers used:
		wreg, fsr2l, fsr2h, status,2, status,0, tblptrl, tblptrh, tblptru
 Tracked objects:
		On entry : 
		On exit  : 
		Unchanged: 
 Data sizes:     COMRAM   BANK0   BANK1   BANK2   BANK3   BANK4   BANK5   BANK6   BANK7   BANK8   BANK9  BANK10  BANK11  BANK12  BANK13  BANK14  BANK15
      Params:         4       0       0       0       0       0       0       0       0       0       0       0       0       0       0       0       0
      Locals:        52       0     256       0       0       0       0       0       0       0       0       0       0       0       0       0       0
      Temps:          0     142       0       0       0       0       0       0       0       0       0       0       0       0       0       0       0
      Totals:        56     142     256       0       0       0       0       0       0       0       0       0       0       0       0       0       0
Total ram usage:      454 bytes
 Hardware stack levels used:    1
 This function calls:
		Nothing
 This function is called by:
		_sha256_update
		_sha256_final
 This function uses a non-reentrant model


 *************** function _memset *****************
 Defined at:
		line 8 in file "C:\Program Files\Microchip\xc8\v1.37\sources\common\memset.c"
 Parameters:    Size  Location     Type
  p1              2    0[COMRAM] PTR void 
		 -> main@ctx(104), 
  c               2    2[COMRAM] int 
  n               2    4[COMRAM] unsigned int 
 Auto vars:     Size  Location     Type
  p               2    6[COMRAM] PTR unsigned char 
		 -> main@ctx(104), 
 Return value:  Size  Location     Type
                  2    0[COMRAM] PTR void 
 Registers used:
		wreg, fsr2l, fsr2h, status,2, status,0
 Tracked objects:
		On entry : 
		On exit  : 
		Unchanged: 
 Data sizes:     COMRAM   BANK0   BANK1   BANK2   BANK3   BANK4   BANK5   BANK6   BANK7   BANK8   BANK9  BANK10  BANK11  BANK12  BANK13  BANK14  BANK15
      Params:         6       0       0       0       0       0       0       0       0       0       0       0       0       0       0       0       0
      Locals:         2       0       0       0       0       0       0       0       0       0       0       0       0       0       0       0       0
      Temps:          0       0       0       0       0       0       0       0       0       0       0       0       0       0       0       0       0
      Totals:         8       0       0       0       0       0       0       0       0       0       0       0       0       0       0       0       0
Total ram usage:        8 bytes
 Hardware stack levels used:    1
 This function calls:
		Nothing
 This function is called by:
		_sha256_final
 This function uses a non-reentrant model



MODULE INFORMATION

Module		Function		Class		Link	Load	Size
sha256.c
		_sha256_init   		CODE           	EEA8	0000	195
		_sha256_final  		CODE           	EF7E	0000	501
		_sha256_update 		CODE           	EDE8	0000	179
		_sha256_transform		CODE           	F236	0000	3043

sha256.c estimated size: 3918

C:\Program Files\Microchip\xc8\v1.37\sources\common\strlen.c
		_strlen        		CODE           	ED10	0000	41

C:\Program Files\Microchip\xc8\v1.37\sources\common\strlen.c estimated size: 41

C:\Program Files\Microchip\xc8\v1.37\sources\common\memset.c
		_memset        		CODE           	ED38	0000	43

C:\Program Files\Microchip\xc8\v1.37\sources\common\memset.c estimated size: 43

shared
		PL12           		CODE           	FE5E	0000	19
		PL8            		CODE           	FE18	0000	51
		PL22           		CODE           	F1E8	0000	13
		PL32           		CODE           	F20C	0000	19
		PL42           		CODE           	FED0	0000	13
		PL14           		CODE           	FE70	0000	37
		PL24           		CODE           	EF6A	0000	11
		PL34           		CODE           	F21E	0000	13
		PL44           		CODE           	FEDC	0000	13
		PL16           		CODE           	F1CC	0000	29
		PL26           		CODE           	F1F4	0000	11
		_k             		MEDIUMCONST    	FEFF	0000	257
		PL36           		CODE           	FEC4	0000	13
		PL46           		CODE           	FEE8	0000	13
		PL18           		CODE           	FE94	0000	11
		PL28           		CODE           	F1FE	0000	15
		PL38           		CODE           	F22A	0000	13
		PL48           		CODE           	FEF4	0000	11
		__initialization		CODE           	ED62	0000	33
		PL2            		CODE           	F172	0000	69
		PL10           		CODE           	FE4A	0000	21
		PL4            		CODE           	F1B6	0000	11
		PL20           		CODE           	FE9E	0000	39
		PL30           		CODE           	EE9A	0000	15
		PL6            		CODE           	F1C0	0000	13
		PL40           		CODE           	EF74	0000	11

shared estimated size: 774

main.c
		_main          		CODE           	ED8C	0000	93

main.c estimated size: 93

